// Jest Snapshot v1, https://goo.gl/fbAQLP

exports[`LoginPage Snapshot 1`] = `
<div>
  <div>
    <form>
      <input
        name="email"
        value=""
      />
      <input
        name="password"
        type="password"
        value=""
      />
      <input
        name="remember"
        type="checkbox"
      />
      <button
        disabled=""
      >
        Login
      </button>
    </form>
  </div>
</div>
`;
